Copyright 1986-2016 Xilinx, Inc. All Rights Reserved.
-----------------------------------------------------------------------------------------------------------------------------------------------
| Tool Version : Vivado v.2016.2 (win64) Build 1577090 Thu Jun  2 16:32:40 MDT 2016
| Date         : Fri Jan 04 12:54:28 2019
| Host         : LAPTOP-U9SP0IB6 running 64-bit major release  (build 9200)
| Command      : report_timing_summary -warn_on_violation -max_paths 10 -file Top_timing_summary_routed.rpt -rpx Top_timing_summary_routed.rpx
| Design       : Top
| Device       : 7a100t-csg324
| Speed File   : -1  PRODUCTION 1.14 2014-09-11
-----------------------------------------------------------------------------------------------------------------------------------------------

Timing Summary Report

------------------------------------------------------------------------------------------------
| Timer Settings
| --------------
------------------------------------------------------------------------------------------------

  Enable Multi Corner Analysis               :  Yes
  Enable Pessimism Removal                   :  Yes
  Pessimism Removal Resolution               :  Nearest Common Node
  Enable Input Delay Default Clock           :  No
  Enable Preset / Clear Arcs                 :  No
  Disable Flight Delays                      :  No
  Ignore I/O Paths                           :  No
  Timing Early Launch at Borrowing Latches   :  false

  Corner  Analyze    Analyze    
  Name    Max Paths  Min Paths  
  ------  ---------  ---------  
  Slow    Yes        Yes        
  Fast    Yes        Yes        



check_timing report

Table of Contents
-----------------
1. checking no_clock
2. checking constant_clock
3. checking pulse_width_clock
4. checking unconstrained_internal_endpoints
5. checking no_input_delay
6. checking no_output_delay
7. checking multiple_clock
8. checking generated_clocks
9. checking loops
10. checking partial_input_delay
11. checking partial_output_delay
12. checking latch_loops

1. checking no_clock
--------------------
 There are 129 register/latch pins with no clock driven by root clock pin: clk (HIGH)

 There are 449 register/latch pins with no clock driven by root clock pin: color_frequncy (HIGH)

 There is 1 register/latch pin with no clock driven by root clock pin: pause (HIGH)

 There are 577 register/latch pins with no clock driven by root clock pin: color_sensor/white_balance_init/b_counter_reg[10]/C (HIGH)

 There are 577 register/latch pins with no clock driven by root clock pin: color_sensor/white_balance_init/b_counter_reg[11]/C (HIGH)

 There are 577 register/latch pins with no clock driven by root clock pin: color_sensor/white_balance_init/b_counter_reg[12]/C (HIGH)

 There are 577 register/latch pins with no clock driven by root clock pin: color_sensor/white_balance_init/b_counter_reg[13]/C (HIGH)

 There are 577 register/latch pins with no clock driven by root clock pin: color_sensor/white_balance_init/b_counter_reg[14]/C (HIGH)

 There are 577 register/latch pins with no clock driven by root clock pin: color_sensor/white_balance_init/b_counter_reg[15]/C (HIGH)

 There are 577 register/latch pins with no clock driven by root clock pin: color_sensor/white_balance_init/b_counter_reg[16]/C (HIGH)

 There are 577 register/latch pins with no clock driven by root clock pin: color_sensor/white_balance_init/b_counter_reg[17]/C (HIGH)

 There are 577 register/latch pins with no clock driven by root clock pin: color_sensor/white_balance_init/b_counter_reg[18]/C (HIGH)

 There are 577 register/latch pins with no clock driven by root clock pin: color_sensor/white_balance_init/b_counter_reg[19]/C (HIGH)

 There are 577 register/latch pins with no clock driven by root clock pin: color_sensor/white_balance_init/b_counter_reg[20]/C (HIGH)

 There are 577 register/latch pins with no clock driven by root clock pin: color_sensor/white_balance_init/b_counter_reg[21]/C (HIGH)

 There are 577 register/latch pins with no clock driven by root clock pin: color_sensor/white_balance_init/b_counter_reg[22]/C (HIGH)

 There are 577 register/latch pins with no clock driven by root clock pin: color_sensor/white_balance_init/b_counter_reg[23]/C (HIGH)

 There are 577 register/latch pins with no clock driven by root clock pin: color_sensor/white_balance_init/b_counter_reg[24]/C (HIGH)

 There are 577 register/latch pins with no clock driven by root clock pin: color_sensor/white_balance_init/b_counter_reg[25]/C (HIGH)

 There are 577 register/latch pins with no clock driven by root clock pin: color_sensor/white_balance_init/b_counter_reg[26]/C (HIGH)

 There are 577 register/latch pins with no clock driven by root clock pin: color_sensor/white_balance_init/b_counter_reg[27]/C (HIGH)

 There are 577 register/latch pins with no clock driven by root clock pin: color_sensor/white_balance_init/b_counter_reg[28]/C (HIGH)

 There are 577 register/latch pins with no clock driven by root clock pin: color_sensor/white_balance_init/b_counter_reg[29]/C (HIGH)

 There are 577 register/latch pins with no clock driven by root clock pin: color_sensor/white_balance_init/b_counter_reg[30]/C (HIGH)

 There are 577 register/latch pins with no clock driven by root clock pin: color_sensor/white_balance_init/b_counter_reg[31]/C (HIGH)

 There are 577 register/latch pins with no clock driven by root clock pin: color_sensor/white_balance_init/b_counter_reg[32]/C (HIGH)

 There are 577 register/latch pins with no clock driven by root clock pin: color_sensor/white_balance_init/b_counter_reg[33]/C (HIGH)

 There are 577 register/latch pins with no clock driven by root clock pin: color_sensor/white_balance_init/b_counter_reg[34]/C (HIGH)

 There are 577 register/latch pins with no clock driven by root clock pin: color_sensor/white_balance_init/b_counter_reg[35]/C (HIGH)

 There are 577 register/latch pins with no clock driven by root clock pin: color_sensor/white_balance_init/b_counter_reg[36]/C (HIGH)

 There are 577 register/latch pins with no clock driven by root clock pin: color_sensor/white_balance_init/b_counter_reg[37]/C (HIGH)

 There are 577 register/latch pins with no clock driven by root clock pin: color_sensor/white_balance_init/b_counter_reg[38]/C (HIGH)

 There are 577 register/latch pins with no clock driven by root clock pin: color_sensor/white_balance_init/b_counter_reg[39]/C (HIGH)

 There are 577 register/latch pins with no clock driven by root clock pin: color_sensor/white_balance_init/b_counter_reg[40]/C (HIGH)

 There are 577 register/latch pins with no clock driven by root clock pin: color_sensor/white_balance_init/b_counter_reg[41]/C (HIGH)

 There are 577 register/latch pins with no clock driven by root clock pin: color_sensor/white_balance_init/b_counter_reg[42]/C (HIGH)

 There are 577 register/latch pins with no clock driven by root clock pin: color_sensor/white_balance_init/b_counter_reg[43]/C (HIGH)

 There are 577 register/latch pins with no clock driven by root clock pin: color_sensor/white_balance_init/b_counter_reg[44]/C (HIGH)

 There are 577 register/latch pins with no clock driven by root clock pin: color_sensor/white_balance_init/b_counter_reg[45]/C (HIGH)

 There are 577 register/latch pins with no clock driven by root clock pin: color_sensor/white_balance_init/b_counter_reg[46]/C (HIGH)

 There are 577 register/latch pins with no clock driven by root clock pin: color_sensor/white_balance_init/b_counter_reg[47]/C (HIGH)

 There are 577 register/latch pins with no clock driven by root clock pin: color_sensor/white_balance_init/b_counter_reg[48]/C (HIGH)

 There are 577 register/latch pins with no clock driven by root clock pin: color_sensor/white_balance_init/b_counter_reg[49]/C (HIGH)

 There are 577 register/latch pins with no clock driven by root clock pin: color_sensor/white_balance_init/b_counter_reg[50]/C (HIGH)

 There are 577 register/latch pins with no clock driven by root clock pin: color_sensor/white_balance_init/b_counter_reg[51]/C (HIGH)

 There are 577 register/latch pins with no clock driven by root clock pin: color_sensor/white_balance_init/b_counter_reg[52]/C (HIGH)

 There are 577 register/latch pins with no clock driven by root clock pin: color_sensor/white_balance_init/b_counter_reg[53]/C (HIGH)

 There are 577 register/latch pins with no clock driven by root clock pin: color_sensor/white_balance_init/b_counter_reg[54]/C (HIGH)

 There are 577 register/latch pins with no clock driven by root clock pin: color_sensor/white_balance_init/b_counter_reg[55]/C (HIGH)

 There are 577 register/latch pins with no clock driven by root clock pin: color_sensor/white_balance_init/b_counter_reg[56]/C (HIGH)

 There are 577 register/latch pins with no clock driven by root clock pin: color_sensor/white_balance_init/b_counter_reg[57]/C (HIGH)

 There are 577 register/latch pins with no clock driven by root clock pin: color_sensor/white_balance_init/b_counter_reg[58]/C (HIGH)

 There are 577 register/latch pins with no clock driven by root clock pin: color_sensor/white_balance_init/b_counter_reg[59]/C (HIGH)

 There are 577 register/latch pins with no clock driven by root clock pin: color_sensor/white_balance_init/b_counter_reg[60]/C (HIGH)

 There are 577 register/latch pins with no clock driven by root clock pin: color_sensor/white_balance_init/b_counter_reg[61]/C (HIGH)

 There are 577 register/latch pins with no clock driven by root clock pin: color_sensor/white_balance_init/b_counter_reg[62]/C (HIGH)

 There are 577 register/latch pins with no clock driven by root clock pin: color_sensor/white_balance_init/b_counter_reg[63]/C (HIGH)

 There are 577 register/latch pins with no clock driven by root clock pin: color_sensor/white_balance_init/b_counter_reg[8]/C (HIGH)

 There are 577 register/latch pins with no clock driven by root clock pin: color_sensor/white_balance_init/b_counter_reg[9]/C (HIGH)

 There are 577 register/latch pins with no clock driven by root clock pin: color_sensor/white_balance_init/g_counter_reg[10]/C (HIGH)

 There are 577 register/latch pins with no clock driven by root clock pin: color_sensor/white_balance_init/g_counter_reg[11]/C (HIGH)

 There are 577 register/latch pins with no clock driven by root clock pin: color_sensor/white_balance_init/g_counter_reg[12]/C (HIGH)

 There are 577 register/latch pins with no clock driven by root clock pin: color_sensor/white_balance_init/g_counter_reg[13]/C (HIGH)

 There are 577 register/latch pins with no clock driven by root clock pin: color_sensor/white_balance_init/g_counter_reg[14]/C (HIGH)

 There are 577 register/latch pins with no clock driven by root clock pin: color_sensor/white_balance_init/g_counter_reg[15]/C (HIGH)

 There are 577 register/latch pins with no clock driven by root clock pin: color_sensor/white_balance_init/g_counter_reg[16]/C (HIGH)

 There are 577 register/latch pins with no clock driven by root clock pin: color_sensor/white_balance_init/g_counter_reg[17]/C (HIGH)

 There are 577 register/latch pins with no clock driven by root clock pin: color_sensor/white_balance_init/g_counter_reg[18]/C (HIGH)

 There are 577 register/latch pins with no clock driven by root clock pin: color_sensor/white_balance_init/g_counter_reg[19]/C (HIGH)

 There are 577 register/latch pins with no clock driven by root clock pin: color_sensor/white_balance_init/g_counter_reg[20]/C (HIGH)

 There are 577 register/latch pins with no clock driven by root clock pin: color_sensor/white_balance_init/g_counter_reg[21]/C (HIGH)

 There are 577 register/latch pins with no clock driven by root clock pin: color_sensor/white_balance_init/g_counter_reg[22]/C (HIGH)

 There are 577 register/latch pins with no clock driven by root clock pin: color_sensor/white_balance_init/g_counter_reg[23]/C (HIGH)

 There are 577 register/latch pins with no clock driven by root clock pin: color_sensor/white_balance_init/g_counter_reg[24]/C (HIGH)

 There are 577 register/latch pins with no clock driven by root clock pin: color_sensor/white_balance_init/g_counter_reg[25]/C (HIGH)

 There are 577 register/latch pins with no clock driven by root clock pin: color_sensor/white_balance_init/g_counter_reg[26]/C (HIGH)

 There are 577 register/latch pins with no clock driven by root clock pin: color_sensor/white_balance_init/g_counter_reg[27]/C (HIGH)

 There are 577 register/latch pins with no clock driven by root clock pin: color_sensor/white_balance_init/g_counter_reg[28]/C (HIGH)

 There are 577 register/latch pins with no clock driven by root clock pin: color_sensor/white_balance_init/g_counter_reg[29]/C (HIGH)

 There are 577 register/latch pins with no clock driven by root clock pin: color_sensor/white_balance_init/g_counter_reg[30]/C (HIGH)

 There are 577 register/latch pins with no clock driven by root clock pin: color_sensor/white_balance_init/g_counter_reg[31]/C (HIGH)

 There are 577 register/latch pins with no clock driven by root clock pin: color_sensor/white_balance_init/g_counter_reg[32]/C (HIGH)

 There are 577 register/latch pins with no clock driven by root clock pin: color_sensor/white_balance_init/g_counter_reg[33]/C (HIGH)

 There are 577 register/latch pins with no clock driven by root clock pin: color_sensor/white_balance_init/g_counter_reg[34]/C (HIGH)

 There are 577 register/latch pins with no clock driven by root clock pin: color_sensor/white_balance_init/g_counter_reg[35]/C (HIGH)

 There are 577 register/latch pins with no clock driven by root clock pin: color_sensor/white_balance_init/g_counter_reg[36]/C (HIGH)

 There are 577 register/latch pins with no clock driven by root clock pin: color_sensor/white_balance_init/g_counter_reg[37]/C (HIGH)

 There are 577 register/latch pins with no clock driven by root clock pin: color_sensor/white_balance_init/g_counter_reg[38]/C (HIGH)

 There are 577 register/latch pins with no clock driven by root clock pin: color_sensor/white_balance_init/g_counter_reg[39]/C (HIGH)

 There are 577 register/latch pins with no clock driven by root clock pin: color_sensor/white_balance_init/g_counter_reg[40]/C (HIGH)

 There are 577 register/latch pins with no clock driven by root clock pin: color_sensor/white_balance_init/g_counter_reg[41]/C (HIGH)

 There are 577 register/latch pins with no clock driven by root clock pin: color_sensor/white_balance_init/g_counter_reg[42]/C (HIGH)

 There are 577 register/latch pins with no clock driven by root clock pin: color_sensor/white_balance_init/g_counter_reg[43]/C (HIGH)

 There are 577 register/latch pins with no clock driven by root clock pin: color_sensor/white_balance_init/g_counter_reg[44]/C (HIGH)

 There are 577 register/latch pins with no clock driven by root clock pin: color_sensor/white_balance_init/g_counter_reg[45]/C (HIGH)

 There are 577 register/latch pins with no clock driven by root clock pin: color_sensor/white_balance_init/g_counter_reg[46]/C (HIGH)

 There are 577 register/latch pins with no clock driven by root clock pin: color_sensor/white_balance_init/g_counter_reg[47]/C (HIGH)

 There are 577 register/latch pins with no clock driven by root clock pin: color_sensor/white_balance_init/g_counter_reg[48]/C (HIGH)

 There are 577 register/latch pins with no clock driven by root clock pin: color_sensor/white_balance_init/g_counter_reg[49]/C (HIGH)

 There are 577 register/latch pins with no clock driven by root clock pin: color_sensor/white_balance_init/g_counter_reg[50]/C (HIGH)

 There are 577 register/latch pins with no clock driven by root clock pin: color_sensor/white_balance_init/g_counter_reg[51]/C (HIGH)

 There are 577 register/latch pins with no clock driven by root clock pin: color_sensor/white_balance_init/g_counter_reg[52]/C (HIGH)

 There are 577 register/latch pins with no clock driven by root clock pin: color_sensor/white_balance_init/g_counter_reg[53]/C (HIGH)

 There are 577 register/latch pins with no clock driven by root clock pin: color_sensor/white_balance_init/g_counter_reg[54]/C (HIGH)

 There are 577 register/latch pins with no clock driven by root clock pin: color_sensor/white_balance_init/g_counter_reg[55]/C (HIGH)

 There are 577 register/latch pins with no clock driven by root clock pin: color_sensor/white_balance_init/g_counter_reg[56]/C (HIGH)

 There are 577 register/latch pins with no clock driven by root clock pin: color_sensor/white_balance_init/g_counter_reg[57]/C (HIGH)

 There are 577 register/latch pins with no clock driven by root clock pin: color_sensor/white_balance_init/g_counter_reg[58]/C (HIGH)

 There are 577 register/latch pins with no clock driven by root clock pin: color_sensor/white_balance_init/g_counter_reg[59]/C (HIGH)

 There are 577 register/latch pins with no clock driven by root clock pin: color_sensor/white_balance_init/g_counter_reg[60]/C (HIGH)

 There are 577 register/latch pins with no clock driven by root clock pin: color_sensor/white_balance_init/g_counter_reg[61]/C (HIGH)

 There are 577 register/latch pins with no clock driven by root clock pin: color_sensor/white_balance_init/g_counter_reg[62]/C (HIGH)

 There are 577 register/latch pins with no clock driven by root clock pin: color_sensor/white_balance_init/g_counter_reg[63]/C (HIGH)

 There are 577 register/latch pins with no clock driven by root clock pin: color_sensor/white_balance_init/g_counter_reg[8]/C (HIGH)

 There are 577 register/latch pins with no clock driven by root clock pin: color_sensor/white_balance_init/g_counter_reg[9]/C (HIGH)

 There are 577 register/latch pins with no clock driven by root clock pin: color_sensor/white_balance_init/r_counter_reg[10]/C (HIGH)

 There are 577 register/latch pins with no clock driven by root clock pin: color_sensor/white_balance_init/r_counter_reg[11]/C (HIGH)

 There are 577 register/latch pins with no clock driven by root clock pin: color_sensor/white_balance_init/r_counter_reg[12]/C (HIGH)

 There are 577 register/latch pins with no clock driven by root clock pin: color_sensor/white_balance_init/r_counter_reg[13]/C (HIGH)

 There are 577 register/latch pins with no clock driven by root clock pin: color_sensor/white_balance_init/r_counter_reg[14]/C (HIGH)

 There are 577 register/latch pins with no clock driven by root clock pin: color_sensor/white_balance_init/r_counter_reg[15]/C (HIGH)

 There are 577 register/latch pins with no clock driven by root clock pin: color_sensor/white_balance_init/r_counter_reg[16]/C (HIGH)

 There are 577 register/latch pins with no clock driven by root clock pin: color_sensor/white_balance_init/r_counter_reg[17]/C (HIGH)

 There are 577 register/latch pins with no clock driven by root clock pin: color_sensor/white_balance_init/r_counter_reg[18]/C (HIGH)

 There are 577 register/latch pins with no clock driven by root clock pin: color_sensor/white_balance_init/r_counter_reg[19]/C (HIGH)

 There are 577 register/latch pins with no clock driven by root clock pin: color_sensor/white_balance_init/r_counter_reg[20]/C (HIGH)

 There are 577 register/latch pins with no clock driven by root clock pin: color_sensor/white_balance_init/r_counter_reg[21]/C (HIGH)

 There are 577 register/latch pins with no clock driven by root clock pin: color_sensor/white_balance_init/r_counter_reg[22]/C (HIGH)

 There are 577 register/latch pins with no clock driven by root clock pin: color_sensor/white_balance_init/r_counter_reg[23]/C (HIGH)

 There are 577 register/latch pins with no clock driven by root clock pin: color_sensor/white_balance_init/r_counter_reg[24]/C (HIGH)

 There are 577 register/latch pins with no clock driven by root clock pin: color_sensor/white_balance_init/r_counter_reg[25]/C (HIGH)

 There are 577 register/latch pins with no clock driven by root clock pin: color_sensor/white_balance_init/r_counter_reg[26]/C (HIGH)

 There are 577 register/latch pins with no clock driven by root clock pin: color_sensor/white_balance_init/r_counter_reg[27]/C (HIGH)

 There are 577 register/latch pins with no clock driven by root clock pin: color_sensor/white_balance_init/r_counter_reg[28]/C (HIGH)

 There are 577 register/latch pins with no clock driven by root clock pin: color_sensor/white_balance_init/r_counter_reg[29]/C (HIGH)

 There are 577 register/latch pins with no clock driven by root clock pin: color_sensor/white_balance_init/r_counter_reg[30]/C (HIGH)

 There are 577 register/latch pins with no clock driven by root clock pin: color_sensor/white_balance_init/r_counter_reg[31]/C (HIGH)

 There are 577 register/latch pins with no clock driven by root clock pin: color_sensor/white_balance_init/r_counter_reg[32]/C (HIGH)

 There are 577 register/latch pins with no clock driven by root clock pin: color_sensor/white_balance_init/r_counter_reg[33]/C (HIGH)

 There are 577 register/latch pins with no clock driven by root clock pin: color_sensor/white_balance_init/r_counter_reg[34]/C (HIGH)

 There are 577 register/latch pins with no clock driven by root clock pin: color_sensor/white_balance_init/r_counter_reg[35]/C (HIGH)

 There are 577 register/latch pins with no clock driven by root clock pin: color_sensor/white_balance_init/r_counter_reg[36]/C (HIGH)

 There are 577 register/latch pins with no clock driven by root clock pin: color_sensor/white_balance_init/r_counter_reg[37]/C (HIGH)

 There are 577 register/latch pins with no clock driven by root clock pin: color_sensor/white_balance_init/r_counter_reg[38]/C (HIGH)

 There are 577 register/latch pins with no clock driven by root clock pin: color_sensor/white_balance_init/r_counter_reg[39]/C (HIGH)

 There are 577 register/latch pins with no clock driven by root clock pin: color_sensor/white_balance_init/r_counter_reg[40]/C (HIGH)

 There are 577 register/latch pins with no clock driven by root clock pin: color_sensor/white_balance_init/r_counter_reg[41]/C (HIGH)

 There are 577 register/latch pins with no clock driven by root clock pin: color_sensor/white_balance_init/r_counter_reg[42]/C (HIGH)

 There are 577 register/latch pins with no clock driven by root clock pin: color_sensor/white_balance_init/r_counter_reg[43]/C (HIGH)

 There are 577 register/latch pins with no clock driven by root clock pin: color_sensor/white_balance_init/r_counter_reg[44]/C (HIGH)

 There are 577 register/latch pins with no clock driven by root clock pin: color_sensor/white_balance_init/r_counter_reg[45]/C (HIGH)

 There are 577 register/latch pins with no clock driven by root clock pin: color_sensor/white_balance_init/r_counter_reg[46]/C (HIGH)

 There are 577 register/latch pins with no clock driven by root clock pin: color_sensor/white_balance_init/r_counter_reg[47]/C (HIGH)

 There are 577 register/latch pins with no clock driven by root clock pin: color_sensor/white_balance_init/r_counter_reg[48]/C (HIGH)

 There are 577 register/latch pins with no clock driven by root clock pin: color_sensor/white_balance_init/r_counter_reg[49]/C (HIGH)

 There are 577 register/latch pins with no clock driven by root clock pin: color_sensor/white_balance_init/r_counter_reg[50]/C (HIGH)

 There are 577 register/latch pins with no clock driven by root clock pin: color_sensor/white_balance_init/r_counter_reg[51]/C (HIGH)

 There are 577 register/latch pins with no clock driven by root clock pin: color_sensor/white_balance_init/r_counter_reg[52]/C (HIGH)

 There are 577 register/latch pins with no clock driven by root clock pin: color_sensor/white_balance_init/r_counter_reg[53]/C (HIGH)

 There are 577 register/latch pins with no clock driven by root clock pin: color_sensor/white_balance_init/r_counter_reg[54]/C (HIGH)

 There are 577 register/latch pins with no clock driven by root clock pin: color_sensor/white_balance_init/r_counter_reg[55]/C (HIGH)

 There are 577 register/latch pins with no clock driven by root clock pin: color_sensor/white_balance_init/r_counter_reg[56]/C (HIGH)

 There are 577 register/latch pins with no clock driven by root clock pin: color_sensor/white_balance_init/r_counter_reg[57]/C (HIGH)

 There are 577 register/latch pins with no clock driven by root clock pin: color_sensor/white_balance_init/r_counter_reg[58]/C (HIGH)

 There are 577 register/latch pins with no clock driven by root clock pin: color_sensor/white_balance_init/r_counter_reg[59]/C (HIGH)

 There are 577 register/latch pins with no clock driven by root clock pin: color_sensor/white_balance_init/r_counter_reg[60]/C (HIGH)

 There are 577 register/latch pins with no clock driven by root clock pin: color_sensor/white_balance_init/r_counter_reg[61]/C (HIGH)

 There are 577 register/latch pins with no clock driven by root clock pin: color_sensor/white_balance_init/r_counter_reg[62]/C (HIGH)

 There are 577 register/latch pins with no clock driven by root clock pin: color_sensor/white_balance_init/r_counter_reg[63]/C (HIGH)

 There are 577 register/latch pins with no clock driven by root clock pin: color_sensor/white_balance_init/r_counter_reg[8]/C (HIGH)

 There are 577 register/latch pins with no clock driven by root clock pin: color_sensor/white_balance_init/r_counter_reg[9]/C (HIGH)

 There are 30 register/latch pins with no clock driven by root clock pin: game/VGA_Disp/clk_25M_reg/C (HIGH)

 There is 1 register/latch pin with no clock driven by root clock pin: game/VGA_Disp/clk_50M_reg/C (HIGH)

 There is 1 register/latch pin with no clock driven by root clock pin: game/VGA_Disp/lose_reg/C (HIGH)

 There are 46 register/latch pins with no clock driven by root clock pin: game/VGA_Disp/vs_reg/C (HIGH)


2. checking constant_clock
--------------------------
 There are 0 register/latch pins with constant_clock.


3. checking pulse_width_clock
-----------------------------
 There are 0 register/latch pins which need pulse_width check


4. checking unconstrained_internal_endpoints
--------------------------------------------
 There are 964 pins that are not constrained for maximum delay. (HIGH)

 There are 0 pins that are not constrained for maximum delay due to constant clock.


5. checking no_input_delay
--------------------------
 There are 0 input ports with no input delay specified.

 There are 0 input ports with no input delay but user has a false path constraint.


6. checking no_output_delay
---------------------------
 There are 12 ports with no output delay specified. (HIGH)

 There are 0 ports with no output delay but user has a false path constraint

 There are 0 ports with no output delay but with a timing clock defined on it or propagating through it


7. checking multiple_clock
--------------------------
 There are 0 register/latch pins with multiple clocks.


8. checking generated_clocks
----------------------------
 There are 0 generated clocks that are not connected to a clock source.


9. checking loops
-----------------
 There are 0 combinational loops in the design.


10. checking partial_input_delay
--------------------------------
 There are 0 input ports with partial input delay specified.


11. checking partial_output_delay
---------------------------------
 There are 0 ports with partial output delay specified.


12. checking latch_loops
------------------------
 There are 0 combinational latch loops in the design through latch input



------------------------------------------------------------------------------------------------
| Design Timing Summary
| ---------------------
------------------------------------------------------------------------------------------------

    WNS(ns)      TNS(ns)  TNS Failing Endpoints  TNS Total Endpoints      WHS(ns)      THS(ns)  THS Failing Endpoints  THS Total Endpoints     WPWS(ns)     TPWS(ns)  TPWS Failing Endpoints  TPWS Total Endpoints  
    -------      -------  ---------------------  -------------------      -------      -------  ---------------------  -------------------     --------     --------  ----------------------  --------------------  
         NA           NA                     NA                   NA           NA           NA                     NA                   NA           NA           NA                      NA                    NA  


There are no user specified timing constraints.


------------------------------------------------------------------------------------------------
| Clock Summary
| -------------
------------------------------------------------------------------------------------------------


------------------------------------------------------------------------------------------------
| Intra Clock Table
| -----------------
------------------------------------------------------------------------------------------------

Clock             WNS(ns)      TNS(ns)  TNS Failing Endpoints  TNS Total Endpoints      WHS(ns)      THS(ns)  THS Failing Endpoints  THS Total Endpoints     WPWS(ns)     TPWS(ns)  TPWS Failing Endpoints  TPWS Total Endpoints  
-----             -------      -------  ---------------------  -------------------      -------      -------  ---------------------  -------------------     --------     --------  ----------------------  --------------------  


------------------------------------------------------------------------------------------------
| Inter Clock Table
| -----------------
------------------------------------------------------------------------------------------------

From Clock    To Clock          WNS(ns)      TNS(ns)  TNS Failing Endpoints  TNS Total Endpoints      WHS(ns)      THS(ns)  THS Failing Endpoints  THS Total Endpoints  
----------    --------          -------      -------  ---------------------  -------------------      -------      -------  ---------------------  -------------------  


------------------------------------------------------------------------------------------------
| Other Path Groups Table
| -----------------------
------------------------------------------------------------------------------------------------

Path Group    From Clock    To Clock          WNS(ns)      TNS(ns)  TNS Failing Endpoints  TNS Total Endpoints      WHS(ns)      THS(ns)  THS Failing Endpoints  THS Total Endpoints  
----------    ----------    --------          -------      -------  ---------------------  -------------------      -------      -------  ---------------------  -------------------  


------------------------------------------------------------------------------------------------
| Timing Details
| --------------
------------------------------------------------------------------------------------------------


